// Jest Snapshot v1, https://goo.gl/fbAQLP

exports[`shopware-6-client - E2E - CustomerService - updatePassword should return error when current password does not match 1`] = `
Object {
  "message": "Invalid username and/or password.",
  "statusCode": 401,
}
`;

exports[`shopware-6-client - E2E - CustomerService - updatePassword should return error when new passwords do not match 1`] = `
Object {
  "message": "Invalid username and/or password.",
  "statusCode": 401,
}
`;

exports[`shopware-6-client - E2E - CustomerService - updatePassword should update customer password 1`] = `undefined`;
